"foo"
(, { Flow_ast.Program.statements = []; comments = None; all_comments = [] })
